=== archive 2026-09-19T08:39:37+05:30 ===
  No files have been modified since last commit. Skipping to prevent empty commit.
  No files have been modified since last commit. Skipping to prevent empty commit.
  No files have been modified since last commit. Skipping to prevent empty commit.
  No files have been modified since last commit. Skipping to prevent empty commit.
  No files have been modified since last commit. Skipping to prevent empty commit.
  No files have been modified since last commit. Skipping to prevent empty commit.
  /mnt/5385e3d3-fb4b-4846-8f72-55998fc781fb/Probabilistic-Coherence-as-a-Test-of-Clinical-Reasoning-in-Language-Models/.venv/lib/python3.12/site-packages/huggingface_hub/hf_api.py:11708: UserWarning: Warnings while validating metadata in README.md:
  - empty or missing yaml metadata in repo card
    warnings.warn(f"Warnings while validating metadata in README.md:\n{message}")
  No files have been modified since last commit. Skipping to prevent empty commit.
  No files have been modified since last commit. Skipping to prevent empty commit.
    [guard] excluded 6 credentialed path(s) from results
    card       GOVINDFROM/codx-clinical-coherence:README.md
    battery    GOVINDFROM/codx-clinical-coherence:battery
    kb         GOVINDFROM/codx-clinical-coherence:kb
    parquet    GOVINDFROM/codx-clinical-coherence:ddxplus_parquet
    reports    GOVINDFROM/codx-clinical-coherence:reports
    train_data GOVINDFROM/codx-clinical-coherence:train_data
    code       GOVINDFROM/codx-clinical-coherence:code
    results    GOVINDFROM/codx-clinical-coherence:results
    model      GOVINDFROM/codx-elr-fusion
  No files have been modified since last commit. Skipping to prevent empty commit.
    model      GOVINDFROM/codx-elr-fusion
  manifest: 25 tables, 21 figures @ bc1ecb9
=== done 2026-09-19T08:39:37+05:30 ===
